// Jest Snapshot v1, https://goo.gl/fbAQLP

exports[`test Calc component functionality should render Calc heading correctly 1`] = `
<div>
  <div
    class="calc"
  >
    <div
      class="calcontent"
    >
      <h2
        class="head-content"
      >
         Lets do some calculations
      </h2>
      <p
        class="content"
      >
        Just type and your answer comes up live.This is a simple basic calculator with memory functions similar to a small handheld calculator. Use this basic calculator for math with addition, subtraction, division and multiplication. Memory and clear functions for this standard calculator are listed below. Numbers are important!. Whether costs, revenues, performance, targets – most people agree that numbers are important.
      </p>
    </div>
    <div>
      <div
        class="Calculator"
      >
        <div
          class="View"
          data-testid="screen"
        >
          <p />
          <p />
          <p>
            0
          </p>
        </div>
        <div
          class="UI"
        >
          <div
            class="group"
          >
            <button
              class="Button"
              type="button"
            >
              AC
            </button>
            <button
              class="Button"
              type="button"
            >
              +/-
            </button>
            <button
              class="Button"
              type="button"
            >
              %
            </button>
            <button
              class="Button ButtonOrange"
              type="button"
            >
              ÷
            </button>
          </div>
          <div
            class="group"
          >
            <button
              class="Button"
              type="button"
            >
              8
            </button>
            <button
              class="Button"
              type="button"
            >
              7
            </button>
            <button
              class="Button"
              type="button"
            >
              9
            </button>
            <button
              class="Button ButtonOrange"
              type="button"
            >
              x
            </button>
          </div>
          <div
            class="group"
          >
            <button
              class="Button"
              type="button"
            >
              4
            </button>
            <button
              class="Button"
              type="button"
            >
              5
            </button>
            <button
              class="Button"
              type="button"
            >
              6
            </button>
            <button
              class="Button ButtonOrange"
              type="button"
            >
              -
            </button>
          </div>
          <div
            class="group"
          >
            <button
              class="Button"
              type="button"
            >
              1
            </button>
            <button
              class="Button"
              type="button"
            >
              2
            </button>
            <button
              class="Button"
              type="button"
            >
              3
            </button>
            <button
              class="Button ButtonOrange"
              type="button"
            >
              +
            </button>
          </div>
          <div
            class="group"
          >
            <button
              class="Button ButtonSpan2"
              type="button"
            >
              0
            </button>
            <button
              class="Button"
              type="button"
            >
              .
            </button>
            <button
              class="Button ButtonOrange"
              type="button"
            >
              =
            </button>
          </div>
        </div>
      </div>
    </div>
  </div>
</div>
`;
